[1.175s] Invoking command in '/home/jokeren/Documents/ItIR/Project-1/src/project1_ros': DEBUGINFOD_URLS=https://debuginfod.ubuntu.com PYTHONPATH=/home/jokeren/Documents/ItIR/Project-1/build/project1_ros/prefix_override:/usr/lib/python3/dist-packages/colcon_core/task/python/colcon_distutils_commands:/home/jokeren/Documents/ItIR/Project-1/install/project1_ros/lib/python3.12/site-packages:${PYTHONPATH} /usr/bin/python3 -W ignore:setup.py install is deprecated -W ignore:easy_install command is deprecated setup.py egg_info --egg-base ../../build/project1_ros build --build-base /home/jokeren/Documents/ItIR/Project-1/build/project1_ros/build install --record /home/jokeren/Documents/ItIR/Project-1/build/project1_ros/install.log --install-scripts $base/lib/project1_ros --single-version-externally-managed install_data
[1.487s] running egg_info
[1.511s] writing ../../build/project1_ros/project1_ros.egg-info/PKG-INFO
[1.511s] writing dependency_links to ../../build/project1_ros/project1_ros.egg-info/dependency_links.txt
[1.512s] writing entry points to ../../build/project1_ros/project1_ros.egg-info/entry_points.txt
[1.512s] writing requirements to ../../build/project1_ros/project1_ros.egg-info/requires.txt
[1.512s] writing top-level names to ../../build/project1_ros/project1_ros.egg-info/top_level.txt
[1.560s] reading manifest file '../../build/project1_ros/project1_ros.egg-info/SOURCES.txt'
[1.562s] writing manifest file '../../build/project1_ros/project1_ros.egg-info/SOURCES.txt'
[1.562s] running build
[1.562s] running build_py
[1.563s] copying project1_ros/distance_tracker.py -> /home/jokeren/Documents/ItIR/Project-1/build/project1_ros/build/lib/project1_ros
[1.563s] copying project1_ros/reactive_controller.py -> /home/jokeren/Documents/ItIR/Project-1/build/project1_ros/build/lib/project1_ros
[1.563s] running install
[1.572s] running install_lib
[1.595s] copying /home/jokeren/Documents/ItIR/Project-1/build/project1_ros/build/lib/project1_ros/distance_tracker.py -> /home/jokeren/Documents/ItIR/Project-1/install/project1_ros/lib/python3.12/site-packages/project1_ros
[1.595s] copying /home/jokeren/Documents/ItIR/Project-1/build/project1_ros/build/lib/project1_ros/reactive_controller.py -> /home/jokeren/Documents/ItIR/Project-1/install/project1_ros/lib/python3.12/site-packages/project1_ros
[1.595s] byte-compiling /home/jokeren/Documents/ItIR/Project-1/install/project1_ros/lib/python3.12/site-packages/project1_ros/distance_tracker.py to distance_tracker.cpython-312.pyc
[1.598s] byte-compiling /home/jokeren/Documents/ItIR/Project-1/install/project1_ros/lib/python3.12/site-packages/project1_ros/reactive_controller.py to reactive_controller.cpython-312.pyc
[1.599s] running install_data
[1.599s] copying package.xml -> /home/jokeren/Documents/ItIR/Project-1/install/project1_ros/share/project1_ros
[1.599s] running install_egg_info
[1.626s] removing '/home/jokeren/Documents/ItIR/Project-1/install/project1_ros/lib/python3.12/site-packages/project1_ros-0.0.0-py3.12.egg-info' (and everything under it)
[1.626s] Copying ../../build/project1_ros/project1_ros.egg-info to /home/jokeren/Documents/ItIR/Project-1/install/project1_ros/lib/python3.12/site-packages/project1_ros-0.0.0-py3.12.egg-info
[1.628s] running install_scripts
[1.780s] Installing bumper_tracker script to /home/jokeren/Documents/ItIR/Project-1/install/project1_ros/lib/project1_ros
[1.780s] Installing distance_tracker script to /home/jokeren/Documents/ItIR/Project-1/install/project1_ros/lib/project1_ros
[1.780s] Installing keyboard_control script to /home/jokeren/Documents/ItIR/Project-1/install/project1_ros/lib/project1_ros
[1.780s] Installing reactive_controller script to /home/jokeren/Documents/ItIR/Project-1/install/project1_ros/lib/project1_ros
[1.781s] writing list of installed files to '/home/jokeren/Documents/ItIR/Project-1/build/project1_ros/install.log'
[1.833s] Invoked command in '/home/jokeren/Documents/ItIR/Project-1/src/project1_ros' returned '0': DEBUGINFOD_URLS=https://debuginfod.ubuntu.com PYTHONPATH=/home/jokeren/Documents/ItIR/Project-1/build/project1_ros/prefix_override:/usr/lib/python3/dist-packages/colcon_core/task/python/colcon_distutils_commands:/home/jokeren/Documents/ItIR/Project-1/install/project1_ros/lib/python3.12/site-packages:${PYTHONPATH} /usr/bin/python3 -W ignore:setup.py install is deprecated -W ignore:easy_install command is deprecated setup.py egg_info --egg-base ../../build/project1_ros build --build-base /home/jokeren/Documents/ItIR/Project-1/build/project1_ros/build install --record /home/jokeren/Documents/ItIR/Project-1/build/project1_ros/install.log --install-scripts $base/lib/project1_ros --single-version-externally-managed install_data
