[1.680s] Invoking command in '/home/jokeren/Documents/ItIR/Project-1/src/project1_ros': DEBUGINFOD_URLS=https://debuginfod.ubuntu.com PYTHONPATH=/home/jokeren/Documents/ItIR/Project-1/build/project1_ros/prefix_override:/usr/lib/python3/dist-packages/colcon_core/task/python/colcon_distutils_commands:/home/jokeren/Documents/ItIR/Project-1/install/project1_ros/lib/python3.12/site-packages:${PYTHONPATH} /usr/bin/python3 -W ignore:setup.py install is deprecated -W ignore:easy_install command is deprecated setup.py egg_info --egg-base ../../build/project1_ros build --build-base /home/jokeren/Documents/ItIR/Project-1/build/project1_ros/build install --record /home/jokeren/Documents/ItIR/Project-1/build/project1_ros/install.log --install-scripts $base/lib/project1_ros --single-version-externally-managed install_data
[2.140s] running egg_info
[2.174s] writing ../../build/project1_ros/project1_ros.egg-info/PKG-INFO
[2.174s] writing dependency_links to ../../build/project1_ros/project1_ros.egg-info/dependency_links.txt
[2.174s] writing entry points to ../../build/project1_ros/project1_ros.egg-info/entry_points.txt
[2.175s] writing requirements to ../../build/project1_ros/project1_ros.egg-info/requires.txt
[2.175s] writing top-level names to ../../build/project1_ros/project1_ros.egg-info/top_level.txt
[2.240s] reading manifest file '../../build/project1_ros/project1_ros.egg-info/SOURCES.txt'
[2.242s] writing manifest file '../../build/project1_ros/project1_ros.egg-info/SOURCES.txt'
[2.243s] running build
[2.243s] running build_py
[2.244s] copying project1_ros/reactive_controller.py -> /home/jokeren/Documents/ItIR/Project-1/build/project1_ros/build/lib/project1_ros
[2.244s] running install
[2.258s] running install_lib
[2.288s] copying /home/jokeren/Documents/ItIR/Project-1/build/project1_ros/build/lib/project1_ros/reactive_controller.py -> /home/jokeren/Documents/ItIR/Project-1/install/project1_ros/lib/python3.12/site-packages/project1_ros
[2.290s] byte-compiling /home/jokeren/Documents/ItIR/Project-1/install/project1_ros/lib/python3.12/site-packages/project1_ros/reactive_controller.py to reactive_controller.cpython-312.pyc
[2.296s] running install_data
[2.296s] running install_egg_info
[2.338s] removing '/home/jokeren/Documents/ItIR/Project-1/install/project1_ros/lib/python3.12/site-packages/project1_ros-0.0.0-py3.12.egg-info' (and everything under it)
[2.338s] Copying ../../build/project1_ros/project1_ros.egg-info to /home/jokeren/Documents/ItIR/Project-1/install/project1_ros/lib/python3.12/site-packages/project1_ros-0.0.0-py3.12.egg-info
[2.338s] running install_scripts
[2.546s] Installing bumper_tracker script to /home/jokeren/Documents/ItIR/Project-1/install/project1_ros/lib/project1_ros
[2.547s] Installing distance_tracker script to /home/jokeren/Documents/ItIR/Project-1/install/project1_ros/lib/project1_ros
[2.548s] Installing keyboard_control script to /home/jokeren/Documents/ItIR/Project-1/install/project1_ros/lib/project1_ros
[2.549s] Installing reactive_controller script to /home/jokeren/Documents/ItIR/Project-1/install/project1_ros/lib/project1_ros
[2.549s] writing list of installed files to '/home/jokeren/Documents/ItIR/Project-1/build/project1_ros/install.log'
[2.683s] Invoked command in '/home/jokeren/Documents/ItIR/Project-1/src/project1_ros' returned '0': DEBUGINFOD_URLS=https://debuginfod.ubuntu.com PYTHONPATH=/home/jokeren/Documents/ItIR/Project-1/build/project1_ros/prefix_override:/usr/lib/python3/dist-packages/colcon_core/task/python/colcon_distutils_commands:/home/jokeren/Documents/ItIR/Project-1/install/project1_ros/lib/python3.12/site-packages:${PYTHONPATH} /usr/bin/python3 -W ignore:setup.py install is deprecated -W ignore:easy_install command is deprecated setup.py egg_info --egg-base ../../build/project1_ros build --build-base /home/jokeren/Documents/ItIR/Project-1/build/project1_ros/build install --record /home/jokeren/Documents/ItIR/Project-1/build/project1_ros/install.log --install-scripts $base/lib/project1_ros --single-version-externally-managed install_data
