[1.178s] Invoking command in '/home/jokeren/Documents/ItIR/Project-1/src/project1_ros': DEBUGINFOD_URLS=https://debuginfod.ubuntu.com PYTHONPATH=/home/jokeren/Documents/ItIR/Project-1/build/project1_ros/prefix_override:/usr/lib/python3/dist-packages/colcon_core/task/python/colcon_distutils_commands:/home/jokeren/Documents/ItIR/Project-1/install/project1_ros/lib/python3.12/site-packages:${PYTHONPATH} /usr/bin/python3 -W ignore:setup.py install is deprecated -W ignore:easy_install command is deprecated setup.py egg_info --egg-base ../../build/project1_ros build --build-base /home/jokeren/Documents/ItIR/Project-1/build/project1_ros/build install --record /home/jokeren/Documents/ItIR/Project-1/build/project1_ros/install.log --install-scripts $base/lib/project1_ros --single-version-externally-managed install_data
[1.483s] running egg_info
[1.506s] writing ../../build/project1_ros/project1_ros.egg-info/PKG-INFO
[1.506s] writing dependency_links to ../../build/project1_ros/project1_ros.egg-info/dependency_links.txt
[1.507s] writing entry points to ../../build/project1_ros/project1_ros.egg-info/entry_points.txt
[1.507s] writing requirements to ../../build/project1_ros/project1_ros.egg-info/requires.txt
[1.507s] writing top-level names to ../../build/project1_ros/project1_ros.egg-info/top_level.txt
[1.556s] reading manifest file '../../build/project1_ros/project1_ros.egg-info/SOURCES.txt'
[1.557s] writing manifest file '../../build/project1_ros/project1_ros.egg-info/SOURCES.txt'
[1.557s] running build
[1.557s] running build_py
[1.558s] copying project1_ros/reactive_controller.py -> /home/jokeren/Documents/ItIR/Project-1/build/project1_ros/build/lib/project1_ros
[1.558s] running install
[1.567s] running install_lib
[1.590s] copying /home/jokeren/Documents/ItIR/Project-1/build/project1_ros/build/lib/project1_ros/reactive_controller.py -> /home/jokeren/Documents/ItIR/Project-1/install/project1_ros/lib/python3.12/site-packages/project1_ros
[1.591s] byte-compiling /home/jokeren/Documents/ItIR/Project-1/install/project1_ros/lib/python3.12/site-packages/project1_ros/reactive_controller.py to reactive_controller.cpython-312.pyc
[1.593s] running install_data
[1.593s] running install_egg_info
[1.620s] removing '/home/jokeren/Documents/ItIR/Project-1/install/project1_ros/lib/python3.12/site-packages/project1_ros-0.0.0-py3.12.egg-info' (and everything under it)
[1.620s] Copying ../../build/project1_ros/project1_ros.egg-info to /home/jokeren/Documents/ItIR/Project-1/install/project1_ros/lib/python3.12/site-packages/project1_ros-0.0.0-py3.12.egg-info
[1.620s] running install_scripts
[1.770s] Installing bumper_tracker script to /home/jokeren/Documents/ItIR/Project-1/install/project1_ros/lib/project1_ros
[1.771s] Installing distance_tracker script to /home/jokeren/Documents/ItIR/Project-1/install/project1_ros/lib/project1_ros
[1.771s] Installing keyboard_control script to /home/jokeren/Documents/ItIR/Project-1/install/project1_ros/lib/project1_ros
[1.771s] Installing reactive_controller script to /home/jokeren/Documents/ItIR/Project-1/install/project1_ros/lib/project1_ros
[1.771s] writing list of installed files to '/home/jokeren/Documents/ItIR/Project-1/build/project1_ros/install.log'
[1.825s] Invoked command in '/home/jokeren/Documents/ItIR/Project-1/src/project1_ros' returned '0': DEBUGINFOD_URLS=https://debuginfod.ubuntu.com PYTHONPATH=/home/jokeren/Documents/ItIR/Project-1/build/project1_ros/prefix_override:/usr/lib/python3/dist-packages/colcon_core/task/python/colcon_distutils_commands:/home/jokeren/Documents/ItIR/Project-1/install/project1_ros/lib/python3.12/site-packages:${PYTHONPATH} /usr/bin/python3 -W ignore:setup.py install is deprecated -W ignore:easy_install command is deprecated setup.py egg_info --egg-base ../../build/project1_ros build --build-base /home/jokeren/Documents/ItIR/Project-1/build/project1_ros/build install --record /home/jokeren/Documents/ItIR/Project-1/build/project1_ros/install.log --install-scripts $base/lib/project1_ros --single-version-externally-managed install_data
