[1.407s] Invoking command in '/home/jokeren/Documents/ItIR/Project-1/src/project1_ros': DEBUGINFOD_URLS=https://debuginfod.ubuntu.com PYTHONPATH=/home/jokeren/Documents/ItIR/Project-1/build/project1_ros/prefix_override:/usr/lib/python3/dist-packages/colcon_core/task/python/colcon_distutils_commands:/home/jokeren/Documents/ItIR/Project-1/install/project1_ros/lib/python3.12/site-packages:${PYTHONPATH} /usr/bin/python3 -W ignore:setup.py install is deprecated -W ignore:easy_install command is deprecated setup.py egg_info --egg-base ../../build/project1_ros build --build-base /home/jokeren/Documents/ItIR/Project-1/build/project1_ros/build install --record /home/jokeren/Documents/ItIR/Project-1/build/project1_ros/install.log --install-scripts $base/lib/project1_ros --single-version-externally-managed install_data
[1.730s] running egg_info
[1.730s] creating ../../build/project1_ros/project1_ros.egg-info
[1.756s] writing ../../build/project1_ros/project1_ros.egg-info/PKG-INFO
[1.756s] writing dependency_links to ../../build/project1_ros/project1_ros.egg-info/dependency_links.txt
[1.757s] writing entry points to ../../build/project1_ros/project1_ros.egg-info/entry_points.txt
[1.757s] writing requirements to ../../build/project1_ros/project1_ros.egg-info/requires.txt
[1.757s] writing top-level names to ../../build/project1_ros/project1_ros.egg-info/top_level.txt
[1.757s] writing manifest file '../../build/project1_ros/project1_ros.egg-info/SOURCES.txt'
[1.811s] reading manifest file '../../build/project1_ros/project1_ros.egg-info/SOURCES.txt'
[1.812s] writing manifest file '../../build/project1_ros/project1_ros.egg-info/SOURCES.txt'
[1.812s] running build
[1.812s] running build_py
[1.812s] creating /home/jokeren/Documents/ItIR/Project-1/build/project1_ros/build
[1.812s] creating /home/jokeren/Documents/ItIR/Project-1/build/project1_ros/build/lib
[1.813s] creating /home/jokeren/Documents/ItIR/Project-1/build/project1_ros/build/lib/project1_ros
[1.813s] copying project1_ros/__init__.py -> /home/jokeren/Documents/ItIR/Project-1/build/project1_ros/build/lib/project1_ros
[1.813s] copying project1_ros/distance_tracker.py -> /home/jokeren/Documents/ItIR/Project-1/build/project1_ros/build/lib/project1_ros
[1.813s] running install
[1.824s] running install_lib
[1.849s] creating /home/jokeren/Documents/ItIR/Project-1/install/project1_ros/lib/python3.12/site-packages/project1_ros
[1.849s] copying /home/jokeren/Documents/ItIR/Project-1/build/project1_ros/build/lib/project1_ros/__init__.py -> /home/jokeren/Documents/ItIR/Project-1/install/project1_ros/lib/python3.12/site-packages/project1_ros
[1.850s] copying /home/jokeren/Documents/ItIR/Project-1/build/project1_ros/build/lib/project1_ros/distance_tracker.py -> /home/jokeren/Documents/ItIR/Project-1/install/project1_ros/lib/python3.12/site-packages/project1_ros
[1.850s] byte-compiling /home/jokeren/Documents/ItIR/Project-1/install/project1_ros/lib/python3.12/site-packages/project1_ros/__init__.py to __init__.cpython-312.pyc
[1.850s] byte-compiling /home/jokeren/Documents/ItIR/Project-1/install/project1_ros/lib/python3.12/site-packages/project1_ros/distance_tracker.py to distance_tracker.cpython-312.pyc
[1.851s] running install_data
[1.851s] creating /home/jokeren/Documents/ItIR/Project-1/install/project1_ros/share/ament_index
[1.851s] creating /home/jokeren/Documents/ItIR/Project-1/install/project1_ros/share/ament_index/resource_index
[1.851s] creating /home/jokeren/Documents/ItIR/Project-1/install/project1_ros/share/ament_index/resource_index/packages
[1.851s] copying resource/project1_ros -> /home/jokeren/Documents/ItIR/Project-1/install/project1_ros/share/ament_index/resource_index/packages
[1.851s] copying package.xml -> /home/jokeren/Documents/ItIR/Project-1/install/project1_ros/share/project1_ros
[1.852s] running install_egg_info
[1.879s] Copying ../../build/project1_ros/project1_ros.egg-info to /home/jokeren/Documents/ItIR/Project-1/install/project1_ros/lib/python3.12/site-packages/project1_ros-0.0.0-py3.12.egg-info
[1.881s] running install_scripts
[2.040s] Installing distance_tracker script to /home/jokeren/Documents/ItIR/Project-1/install/project1_ros/lib/project1_ros
[2.040s] writing list of installed files to '/home/jokeren/Documents/ItIR/Project-1/build/project1_ros/install.log'
[2.090s] Invoked command in '/home/jokeren/Documents/ItIR/Project-1/src/project1_ros' returned '0': DEBUGINFOD_URLS=https://debuginfod.ubuntu.com PYTHONPATH=/home/jokeren/Documents/ItIR/Project-1/build/project1_ros/prefix_override:/usr/lib/python3/dist-packages/colcon_core/task/python/colcon_distutils_commands:/home/jokeren/Documents/ItIR/Project-1/install/project1_ros/lib/python3.12/site-packages:${PYTHONPATH} /usr/bin/python3 -W ignore:setup.py install is deprecated -W ignore:easy_install command is deprecated setup.py egg_info --egg-base ../../build/project1_ros build --build-base /home/jokeren/Documents/ItIR/Project-1/build/project1_ros/build install --record /home/jokeren/Documents/ItIR/Project-1/build/project1_ros/install.log --install-scripts $base/lib/project1_ros --single-version-externally-managed install_data
