[0.177s] DEBUG:colcon:Command line arguments: ['/usr/bin/colcon', 'build', '--packages-select', 'project1_ros']
[0.177s] DEBUG:colcon:Parsed command line arguments: Namespace(log_base=None, log_level=None, verb_name='build', build_base='build', install_base='install', merge_install=False, symlink_install=False, test_result_base=None, continue_on_error=False, executor='parallel', parallel_workers=8, event_handlers=None, ignore_user_meta=False, metas=['./colcon.meta'], base_paths=['.'], packages_ignore=None, packages_ignore_regex=None, paths=None, packages_up_to=None, packages_up_to_regex=None, packages_above=None, packages_above_and_dependencies=None, packages_above_depth=None, packages_select_by_dep=None, packages_skip_by_dep=None, packages_skip_up_to=None, packages_select_build_failed=False, packages_skip_build_finished=False, packages_select_test_failures=False, packages_skip_test_passed=False, packages_select=['project1_ros'], packages_skip=None, packages_select_regex=None, packages_skip_regex=None, packages_start=None, packages_end=None, allow_overriding=[], cmake_args=None, cmake_target=None, cmake_target_skip_unavailable=False, cmake_clean_cache=False, cmake_clean_first=False, cmake_force_configure=False, ament_cmake_args=None, catkin_cmake_args=None, catkin_skip_building_tests=False, verb_parser=<colcon_defaults.argument_parser.defaults.DefaultArgumentsDecorator object at 0x7e816157e2a0>, verb_extension=<colcon_core.verb.build.BuildVerb object at 0x7e81616a7350>, main=<bound method BuildVerb.main of <colcon_core.verb.build.BuildVerb object at 0x7e81616a7350>>)
[0.249s] Level 1:colcon.colcon_core.package_discovery:discover_packages(colcon_meta) check parameters
[0.250s] Level 1:colcon.colcon_core.package_discovery:discover_packages(recursive) check parameters
[0.250s] Level 1:colcon.colcon_core.package_discovery:discover_packages(ignore) check parameters
[0.250s] Level 1:colcon.colcon_core.package_discovery:discover_packages(path) check parameters
[0.250s] Level 1:colcon.colcon_core.package_discovery:discover_packages(colcon_meta) discover
[0.250s] Level 1:colcon.colcon_core.package_discovery:discover_packages(recursive) discover
[0.250s] INFO:colcon.colcon_core.package_discovery:Crawling recursively for packages in '/home/jokeren/Documents/ItIR/Project-1'
[0.251s] Level 1:colcon.colcon_core.package_identification:_identify(.) by extensions ['ignore', 'ignore_ament_install']
[0.251s] Level 1:colcon.colcon_core.package_identification:_identify(.) by extension 'ignore'
[0.251s] Level 1:colcon.colcon_core.package_identification:_identify(.) by extension 'ignore_ament_install'
[0.251s] Level 1:colcon.colcon_core.package_identification:_identify(.) by extensions ['colcon_pkg']
[0.251s] Level 1:colcon.colcon_core.package_identification:_identify(.) by extension 'colcon_pkg'
[0.251s] Level 1:colcon.colcon_core.package_identification:_identify(.) by extensions ['colcon_meta']
[0.251s] Level 1:colcon.colcon_core.package_identification:_identify(.) by extension 'colcon_meta'
[0.251s] Level 1:colcon.colcon_core.package_identification:_identify(.) by extensions ['ros']
[0.251s] Level 1:colcon.colcon_core.package_identification:_identify(.) by extension 'ros'
[0.303s] Level 1:colcon.colcon_core.package_identification:_identify(.) by extensions ['cmake', 'python']
[0.304s] Level 1:colcon.colcon_core.package_identification:_identify(.) by extension 'cmake'
[0.304s] Level 1:colcon.colcon_core.package_identification:_identify(.) by extension 'python'
[0.304s] Level 1:colcon.colcon_core.package_identification:_identify(.) by extensions ['python_setup_py']
[0.304s] Level 1:colcon.colcon_core.package_identification:_identify(.) by extension 'python_setup_py'
[0.304s] Level 1:colcon.colcon_core.package_identification:_identify(build) by extensions ['ignore', 'ignore_ament_install']
[0.304s] Level 1:colcon.colcon_core.package_identification:_identify(build) by extension 'ignore'
[0.304s] Level 1:colcon.colcon_core.package_identification:_identify(build) ignored
[0.305s] Level 1:colcon.colcon_core.package_identification:_identify(install) by extensions ['ignore', 'ignore_ament_install']
[0.305s] Level 1:colcon.colcon_core.package_identification:_identify(install) by extension 'ignore'
[0.305s] Level 1:colcon.colcon_core.package_identification:_identify(install) ignored
[0.305s] Level 1:colcon.colcon_core.package_identification:_identify(log) by extensions ['ignore', 'ignore_ament_install']
[0.305s] Level 1:colcon.colcon_core.package_identification:_identify(log) by extension 'ignore'
[0.305s] Level 1:colcon.colcon_core.package_identification:_identify(log) ignored
[0.305s] Level 1:colcon.colcon_core.package_identification:_identify(src) by extensions ['ignore', 'ignore_ament_install']
[0.306s] Level 1:colcon.colcon_core.package_identification:_identify(src) by extension 'ignore'
[0.306s] Level 1:colcon.colcon_core.package_identification:_identify(src) by extension 'ignore_ament_install'
[0.306s] Level 1:colcon.colcon_core.package_identification:_identify(src) by extensions ['colcon_pkg']
[0.306s] Level 1:colcon.colcon_core.package_identification:_identify(src) by extension 'colcon_pkg'
[0.306s] Level 1:colcon.colcon_core.package_identification:_identify(src) by extensions ['colcon_meta']
[0.306s] Level 1:colcon.colcon_core.package_identification:_identify(src) by extension 'colcon_meta'
[0.306s] Level 1:colcon.colcon_core.package_identification:_identify(src) by extensions ['ros']
[0.306s] Level 1:colcon.colcon_core.package_identification:_identify(src) by extension 'ros'
[0.307s] Level 1:colcon.colcon_core.package_identification:_identify(src) by extensions ['cmake', 'python']
[0.307s] Level 1:colcon.colcon_core.package_identification:_identify(src) by extension 'cmake'
[0.307s] Level 1:colcon.colcon_core.package_identification:_identify(src) by extension 'python'
[0.307s] Level 1:colcon.colcon_core.package_identification:_identify(src) by extensions ['python_setup_py']
[0.307s] Level 1:colcon.colcon_core.package_identification:_identify(src) by extension 'python_setup_py'
[0.307s] Level 1:colcon.colcon_core.package_identification:_identify(src/project1_ros) by extensions ['ignore', 'ignore_ament_install']
[0.307s] Level 1:colcon.colcon_core.package_identification:_identify(src/project1_ros) by extension 'ignore'
[0.307s] Level 1:colcon.colcon_core.package_identification:_identify(src/project1_ros) by extension 'ignore_ament_install'
[0.307s] Level 1:colcon.colcon_core.package_identification:_identify(src/project1_ros) by extensions ['colcon_pkg']
[0.307s] Level 1:colcon.colcon_core.package_identification:_identify(src/project1_ros) by extension 'colcon_pkg'
[0.307s] Level 1:colcon.colcon_core.package_identification:_identify(src/project1_ros) by extensions ['colcon_meta']
[0.307s] Level 1:colcon.colcon_core.package_identification:_identify(src/project1_ros) by extension 'colcon_meta'
[0.308s] Level 1:colcon.colcon_core.package_identification:_identify(src/project1_ros) by extensions ['ros']
[0.308s] Level 1:colcon.colcon_core.package_identification:_identify(src/project1_ros) by extension 'ros'
[0.316s] DEBUG:colcon.colcon_core.package_identification:Package 'src/project1_ros' with type 'ros.ament_python' and name 'project1_ros'
[0.316s] Level 1:colcon.colcon_core.package_discovery:discover_packages(recursive) using defaults
[0.316s] Level 1:colcon.colcon_core.package_discovery:discover_packages(ignore) discover
[0.316s] Level 1:colcon.colcon_core.package_discovery:discover_packages(ignore) using defaults
[0.317s] Level 1:colcon.colcon_core.package_discovery:discover_packages(path) discover
[0.317s] Level 1:colcon.colcon_core.package_discovery:discover_packages(path) using defaults
[0.344s] Level 1:colcon.colcon_core.package_discovery:discover_packages(prefix_path) check parameters
[0.344s] Level 1:colcon.colcon_core.package_discovery:discover_packages(prefix_path) discover
[0.349s] DEBUG:colcon.colcon_installed_package_information.package_discovery:Found 441 installed packages in /opt/ros/jazzy
[0.351s] Level 1:colcon.colcon_core.package_discovery:discover_packages(prefix_path) using defaults
[0.441s] Level 5:colcon.colcon_core.verb:set package 'project1_ros' build argument 'cmake_args' from command line to 'None'
[0.442s] Level 5:colcon.colcon_core.verb:set package 'project1_ros' build argument 'cmake_target' from command line to 'None'
[0.442s] Level 5:colcon.colcon_core.verb:set package 'project1_ros' build argument 'cmake_target_skip_unavailable' from command line to 'False'
[0.442s] Level 5:colcon.colcon_core.verb:set package 'project1_ros' build argument 'cmake_clean_cache' from command line to 'False'
[0.442s] Level 5:colcon.colcon_core.verb:set package 'project1_ros' build argument 'cmake_clean_first' from command line to 'False'
[0.442s] Level 5:colcon.colcon_core.verb:set package 'project1_ros' build argument 'cmake_force_configure' from command line to 'False'
[0.442s] Level 5:colcon.colcon_core.verb:set package 'project1_ros' build argument 'ament_cmake_args' from command line to 'None'
[0.442s] Level 5:colcon.colcon_core.verb:set package 'project1_ros' build argument 'catkin_cmake_args' from command line to 'None'
[0.442s] Level 5:colcon.colcon_core.verb:set package 'project1_ros' build argument 'catkin_skip_building_tests' from command line to 'False'
[0.442s] DEBUG:colcon.colcon_core.verb:Building package 'project1_ros' with the following arguments: {'ament_cmake_args': None, 'build_base': '/home/jokeren/Documents/ItIR/Project-1/build/project1_ros', 'catkin_cmake_args': None, 'catkin_skip_building_tests': False, 'cmake_args': None, 'cmake_clean_cache': False, 'cmake_clean_first': False, 'cmake_force_configure': False, 'cmake_target': None, 'cmake_target_skip_unavailable': False, 'install_base': '/home/jokeren/Documents/ItIR/Project-1/install/project1_ros', 'merge_install': False, 'path': '/home/jokeren/Documents/ItIR/Project-1/src/project1_ros', 'symlink_install': False, 'test_result_base': None}
[0.442s] INFO:colcon.colcon_core.executor:Executing jobs using 'parallel' executor
[0.443s] DEBUG:colcon.colcon_parallel_executor.executor.parallel:run_until_complete
[0.443s] INFO:colcon.colcon_ros.task.ament_python.build:Building ROS package in '/home/jokeren/Documents/ItIR/Project-1/src/project1_ros' with build type 'ament_python'
[0.444s] Level 1:colcon.colcon_core.shell:create_environment_hook('project1_ros', 'ament_prefix_path')
[0.447s] INFO:colcon.colcon_core.plugin_system:Skipping extension 'colcon_core.shell.bat': Not used on non-Windows systems
[0.447s] INFO:colcon.colcon_core.shell:Creating environment hook '/home/jokeren/Documents/ItIR/Project-1/install/project1_ros/share/project1_ros/hook/ament_prefix_path.ps1'
[0.448s] INFO:colcon.colcon_core.shell:Creating environment descriptor '/home/jokeren/Documents/ItIR/Project-1/install/project1_ros/share/project1_ros/hook/ament_prefix_path.dsv'
[0.449s] INFO:colcon.colcon_core.shell:Creating environment hook '/home/jokeren/Documents/ItIR/Project-1/install/project1_ros/share/project1_ros/hook/ament_prefix_path.sh'
[0.449s] INFO:colcon.colcon_core.shell:Skip shell extension 'powershell' for command environment: Not usable outside of PowerShell
[0.449s] DEBUG:colcon.colcon_core.shell:Skip shell extension 'dsv' for command environment
[0.872s] INFO:colcon.colcon_core.task.python.build:Building Python package in '/home/jokeren/Documents/ItIR/Project-1/src/project1_ros'
[0.873s] INFO:colcon.colcon_core.shell:Skip shell extension 'powershell' for command environment: Not usable outside of PowerShell
[0.873s] DEBUG:colcon.colcon_core.shell:Skip shell extension 'dsv' for command environment
[1.994s] DEBUG:colcon.colcon_core.task.python.build:Available setuptools commands: dist_info, install_lib, bdist, clean, bdist_dumb, rotate, install_egg_info, bdist_egg, bdist_rpm, install_headers, init_catalog, compile_catalog, easy_install, alias, build_scripts, symlink_data, register, upload, bdist_wheel, check, saveopts, update_catalog, build_ext, test, editable_wheel, install_scripts, upload_docs, build_clib, sdist, develop, setopt, install_data, egg_info, build, install, extract_messages, build_py
[1.996s] DEBUG:colcon.colcon_core.event_handler.log_command:Invoking command in '/home/jokeren/Documents/ItIR/Project-1/src/project1_ros': DEBUGINFOD_URLS=https://debuginfod.ubuntu.com PYTHONPATH=/home/jokeren/Documents/ItIR/Project-1/build/project1_ros/prefix_override:/usr/lib/python3/dist-packages/colcon_core/task/python/colcon_distutils_commands:/home/jokeren/Documents/ItIR/Project-1/install/project1_ros/lib/python3.12/site-packages:${PYTHONPATH} /usr/bin/python3 -W ignore:setup.py install is deprecated -W ignore:easy_install command is deprecated setup.py egg_info --egg-base ../../build/project1_ros build --build-base /home/jokeren/Documents/ItIR/Project-1/build/project1_ros/build install --record /home/jokeren/Documents/ItIR/Project-1/build/project1_ros/install.log --install-scripts $base/lib/project1_ros --single-version-externally-managed install_data
[2.995s] DEBUG:colcon.colcon_core.event_handler.log_command:Invoked command in '/home/jokeren/Documents/ItIR/Project-1/src/project1_ros' returned '0': DEBUGINFOD_URLS=https://debuginfod.ubuntu.com PYTHONPATH=/home/jokeren/Documents/ItIR/Project-1/build/project1_ros/prefix_override:/usr/lib/python3/dist-packages/colcon_core/task/python/colcon_distutils_commands:/home/jokeren/Documents/ItIR/Project-1/install/project1_ros/lib/python3.12/site-packages:${PYTHONPATH} /usr/bin/python3 -W ignore:setup.py install is deprecated -W ignore:easy_install command is deprecated setup.py egg_info --egg-base ../../build/project1_ros build --build-base /home/jokeren/Documents/ItIR/Project-1/build/project1_ros/build install --record /home/jokeren/Documents/ItIR/Project-1/build/project1_ros/install.log --install-scripts $base/lib/project1_ros --single-version-externally-managed install_data
[2.999s] Level 1:colcon.colcon_core.environment:checking '/home/jokeren/Documents/ItIR/Project-1/install/project1_ros' for CMake module files
[3.001s] Level 1:colcon.colcon_core.environment:checking '/home/jokeren/Documents/ItIR/Project-1/install/project1_ros' for CMake config files
[3.005s] Level 1:colcon.colcon_core.environment:checking '/home/jokeren/Documents/ItIR/Project-1/install/project1_ros/lib'
[3.005s] Level 1:colcon.colcon_core.environment:checking '/home/jokeren/Documents/ItIR/Project-1/install/project1_ros/bin'
[3.005s] Level 1:colcon.colcon_core.environment:checking '/home/jokeren/Documents/ItIR/Project-1/install/project1_ros/lib/pkgconfig/project1_ros.pc'
[3.005s] Level 1:colcon.colcon_core.environment:checking '/home/jokeren/Documents/ItIR/Project-1/install/project1_ros/lib/python3.12/site-packages'
[3.008s] Level 1:colcon.colcon_core.shell:create_environment_hook('project1_ros', 'pythonpath')
[3.009s] INFO:colcon.colcon_core.shell:Creating environment hook '/home/jokeren/Documents/ItIR/Project-1/install/project1_ros/share/project1_ros/hook/pythonpath.ps1'
[3.015s] INFO:colcon.colcon_core.shell:Creating environment descriptor '/home/jokeren/Documents/ItIR/Project-1/install/project1_ros/share/project1_ros/hook/pythonpath.dsv'
[3.015s] INFO:colcon.colcon_core.shell:Creating environment hook '/home/jokeren/Documents/ItIR/Project-1/install/project1_ros/share/project1_ros/hook/pythonpath.sh'
[3.017s] Level 1:colcon.colcon_core.environment:checking '/home/jokeren/Documents/ItIR/Project-1/install/project1_ros/bin'
[3.017s] Level 1:colcon.colcon_core.environment:create_environment_scripts_only(project1_ros)
[3.018s] INFO:colcon.colcon_core.shell:Creating package script '/home/jokeren/Documents/ItIR/Project-1/install/project1_ros/share/project1_ros/package.ps1'
[3.019s] INFO:colcon.colcon_core.shell:Creating package descriptor '/home/jokeren/Documents/ItIR/Project-1/install/project1_ros/share/project1_ros/package.dsv'
[3.021s] INFO:colcon.colcon_core.shell:Creating package script '/home/jokeren/Documents/ItIR/Project-1/install/project1_ros/share/project1_ros/package.sh'
[3.023s] INFO:colcon.colcon_core.shell:Creating package script '/home/jokeren/Documents/ItIR/Project-1/install/project1_ros/share/project1_ros/package.bash'
[3.026s] INFO:colcon.colcon_core.shell:Creating package script '/home/jokeren/Documents/ItIR/Project-1/install/project1_ros/share/project1_ros/package.zsh'
[3.026s] Level 1:colcon.colcon_core.environment:create_file_with_runtime_dependencies(/home/jokeren/Documents/ItIR/Project-1/install/project1_ros/share/colcon-core/packages/project1_ros)
[3.028s] DEBUG:colcon.colcon_parallel_executor.executor.parallel:closing loop
[3.028s] DEBUG:colcon.colcon_parallel_executor.executor.parallel:loop closed
[3.028s] DEBUG:colcon.colcon_parallel_executor.executor.parallel:run_until_complete finished with '0'
[3.030s] DEBUG:colcon.colcon_core.event_reactor:joining thread
[3.046s] INFO:colcon.colcon_core.plugin_system:Skipping extension 'colcon_notification.desktop_notification.terminal_notifier': Not used on non-Darwin systems
[3.046s] INFO:colcon.colcon_core.plugin_system:Skipping extension 'colcon_notification.desktop_notification.win32': Not used on non-Windows systems
[3.046s] INFO:colcon.colcon_notification.desktop_notification:Sending desktop notification using 'notify2'
[3.100s] DEBUG:colcon.colcon_core.event_reactor:joined thread
[3.101s] INFO:colcon.colcon_core.shell:Creating prefix script '/home/jokeren/Documents/ItIR/Project-1/install/local_setup.ps1'
[3.104s] INFO:colcon.colcon_core.shell:Creating prefix util module '/home/jokeren/Documents/ItIR/Project-1/install/_local_setup_util_ps1.py'
[3.122s] INFO:colcon.colcon_core.shell:Creating prefix chain script '/home/jokeren/Documents/ItIR/Project-1/install/setup.ps1'
[3.124s] INFO:colcon.colcon_core.shell:Creating prefix script '/home/jokeren/Documents/ItIR/Project-1/install/local_setup.sh'
[3.125s] INFO:colcon.colcon_core.shell:Creating prefix util module '/home/jokeren/Documents/ItIR/Project-1/install/_local_setup_util_sh.py'
[3.126s] INFO:colcon.colcon_core.shell:Creating prefix chain script '/home/jokeren/Documents/ItIR/Project-1/install/setup.sh'
[3.127s] INFO:colcon.colcon_core.shell:Creating prefix script '/home/jokeren/Documents/ItIR/Project-1/install/local_setup.bash'
[3.128s] INFO:colcon.colcon_core.shell:Creating prefix chain script '/home/jokeren/Documents/ItIR/Project-1/install/setup.bash'
[3.130s] INFO:colcon.colcon_core.shell:Creating prefix script '/home/jokeren/Documents/ItIR/Project-1/install/local_setup.zsh'
[3.130s] INFO:colcon.colcon_core.shell:Creating prefix chain script '/home/jokeren/Documents/ItIR/Project-1/install/setup.zsh'
