[0.184s] DEBUG:colcon:Command line arguments: ['/usr/bin/colcon', 'build']
[0.184s] DEBUG:colcon:Parsed command line arguments: Namespace(log_base=None, log_level=None, verb_name='build', build_base='build', install_base='install', merge_install=False, symlink_install=False, test_result_base=None, continue_on_error=False, executor='parallel', parallel_workers=8, event_handlers=None, ignore_user_meta=False, metas=['./colcon.meta'], base_paths=['.'], packages_ignore=None, packages_ignore_regex=None, paths=None, packages_up_to=None, packages_up_to_regex=None, packages_above=None, packages_above_and_dependencies=None, packages_above_depth=None, packages_select_by_dep=None, packages_skip_by_dep=None, packages_skip_up_to=None, packages_select_build_failed=False, packages_skip_build_finished=False, packages_select_test_failures=False, packages_skip_test_passed=False, packages_select=None, packages_skip=None, packages_select_regex=None, packages_skip_regex=None, packages_start=None, packages_end=None, allow_overriding=[], cmake_args=None, cmake_target=None, cmake_target_skip_unavailable=False, cmake_clean_cache=False, cmake_clean_first=False, cmake_force_configure=False, ament_cmake_args=None, catkin_cmake_args=None, catkin_skip_building_tests=False, verb_parser=<colcon_defaults.argument_parser.defaults.DefaultArgumentsDecorator object at 0x7b4e4c76e6c0>, verb_extension=<colcon_core.verb.build.BuildVerb object at 0x7b4e4c8e99a0>, main=<bound method BuildVerb.main of <colcon_core.verb.build.BuildVerb object at 0x7b4e4c8e99a0>>)
[0.261s] Level 1:colcon.colcon_core.package_discovery:discover_packages(colcon_meta) check parameters
[0.262s] Level 1:colcon.colcon_core.package_discovery:discover_packages(recursive) check parameters
[0.262s] Level 1:colcon.colcon_core.package_discovery:discover_packages(ignore) check parameters
[0.262s] Level 1:colcon.colcon_core.package_discovery:discover_packages(path) check parameters
[0.262s] Level 1:colcon.colcon_core.package_discovery:discover_packages(colcon_meta) discover
[0.262s] Level 1:colcon.colcon_core.package_discovery:discover_packages(recursive) discover
[0.262s] INFO:colcon.colcon_core.package_discovery:Crawling recursively for packages in '/home/jokeren/Documents/ItIR/Project-1'
[0.262s] Level 1:colcon.colcon_core.package_identification:_identify(.) by extensions ['ignore', 'ignore_ament_install']
[0.262s] Level 1:colcon.colcon_core.package_identification:_identify(.) by extension 'ignore'
[0.262s] Level 1:colcon.colcon_core.package_identification:_identify(.) by extension 'ignore_ament_install'
[0.262s] Level 1:colcon.colcon_core.package_identification:_identify(.) by extensions ['colcon_pkg']
[0.262s] Level 1:colcon.colcon_core.package_identification:_identify(.) by extension 'colcon_pkg'
[0.262s] Level 1:colcon.colcon_core.package_identification:_identify(.) by extensions ['colcon_meta']
[0.262s] Level 1:colcon.colcon_core.package_identification:_identify(.) by extension 'colcon_meta'
[0.262s] Level 1:colcon.colcon_core.package_identification:_identify(.) by extensions ['ros']
[0.262s] Level 1:colcon.colcon_core.package_identification:_identify(.) by extension 'ros'
[0.290s] Level 1:colcon.colcon_core.package_identification:_identify(.) by extensions ['cmake', 'python']
[0.290s] Level 1:colcon.colcon_core.package_identification:_identify(.) by extension 'cmake'
[0.290s] Level 1:colcon.colcon_core.package_identification:_identify(.) by extension 'python'
[0.290s] Level 1:colcon.colcon_core.package_identification:_identify(.) by extensions ['python_setup_py']
[0.290s] Level 1:colcon.colcon_core.package_identification:_identify(.) by extension 'python_setup_py'
[0.290s] Level 1:colcon.colcon_core.package_identification:_identify(build) by extensions ['ignore', 'ignore_ament_install']
[0.290s] Level 1:colcon.colcon_core.package_identification:_identify(build) by extension 'ignore'
[0.290s] Level 1:colcon.colcon_core.package_identification:_identify(build) ignored
[0.290s] Level 1:colcon.colcon_core.package_identification:_identify(install) by extensions ['ignore', 'ignore_ament_install']
[0.290s] Level 1:colcon.colcon_core.package_identification:_identify(install) by extension 'ignore'
[0.290s] Level 1:colcon.colcon_core.package_identification:_identify(install) ignored
[0.290s] Level 1:colcon.colcon_core.package_identification:_identify(log) by extensions ['ignore', 'ignore_ament_install']
[0.290s] Level 1:colcon.colcon_core.package_identification:_identify(log) by extension 'ignore'
[0.290s] Level 1:colcon.colcon_core.package_identification:_identify(log) ignored
[0.290s] Level 1:colcon.colcon_core.package_identification:_identify(src) by extensions ['ignore', 'ignore_ament_install']
[0.291s] Level 1:colcon.colcon_core.package_identification:_identify(src) by extension 'ignore'
[0.291s] Level 1:colcon.colcon_core.package_identification:_identify(src) by extension 'ignore_ament_install'
[0.291s] Level 1:colcon.colcon_core.package_identification:_identify(src) by extensions ['colcon_pkg']
[0.291s] Level 1:colcon.colcon_core.package_identification:_identify(src) by extension 'colcon_pkg'
[0.291s] Level 1:colcon.colcon_core.package_identification:_identify(src) by extensions ['colcon_meta']
[0.291s] Level 1:colcon.colcon_core.package_identification:_identify(src) by extension 'colcon_meta'
[0.291s] Level 1:colcon.colcon_core.package_identification:_identify(src) by extensions ['ros']
[0.291s] Level 1:colcon.colcon_core.package_identification:_identify(src) by extension 'ros'
[0.291s] Level 1:colcon.colcon_core.package_identification:_identify(src) by extensions ['cmake', 'python']
[0.291s] Level 1:colcon.colcon_core.package_identification:_identify(src) by extension 'cmake'
[0.291s] Level 1:colcon.colcon_core.package_identification:_identify(src) by extension 'python'
[0.291s] Level 1:colcon.colcon_core.package_identification:_identify(src) by extensions ['python_setup_py']
[0.291s] Level 1:colcon.colcon_core.package_identification:_identify(src) by extension 'python_setup_py'
[0.291s] Level 1:colcon.colcon_core.package_identification:_identify(src/project1_ros) by extensions ['ignore', 'ignore_ament_install']
[0.291s] Level 1:colcon.colcon_core.package_identification:_identify(src/project1_ros) by extension 'ignore'
[0.291s] Level 1:colcon.colcon_core.package_identification:_identify(src/project1_ros) by extension 'ignore_ament_install'
[0.291s] Level 1:colcon.colcon_core.package_identification:_identify(src/project1_ros) by extensions ['colcon_pkg']
[0.292s] Level 1:colcon.colcon_core.package_identification:_identify(src/project1_ros) by extension 'colcon_pkg'
[0.292s] Level 1:colcon.colcon_core.package_identification:_identify(src/project1_ros) by extensions ['colcon_meta']
[0.292s] Level 1:colcon.colcon_core.package_identification:_identify(src/project1_ros) by extension 'colcon_meta'
[0.292s] Level 1:colcon.colcon_core.package_identification:_identify(src/project1_ros) by extensions ['ros']
[0.292s] Level 1:colcon.colcon_core.package_identification:_identify(src/project1_ros) by extension 'ros'
[0.295s] DEBUG:colcon.colcon_core.package_identification:Package 'src/project1_ros' with type 'ros.ament_python' and name 'project1_ros'
[0.296s] Level 1:colcon.colcon_core.package_discovery:discover_packages(recursive) using defaults
[0.296s] Level 1:colcon.colcon_core.package_discovery:discover_packages(ignore) discover
[0.296s] Level 1:colcon.colcon_core.package_discovery:discover_packages(ignore) using defaults
[0.296s] Level 1:colcon.colcon_core.package_discovery:discover_packages(path) discover
[0.296s] Level 1:colcon.colcon_core.package_discovery:discover_packages(path) using defaults
[0.325s] Level 1:colcon.colcon_core.package_discovery:discover_packages(prefix_path) check parameters
[0.325s] Level 1:colcon.colcon_core.package_discovery:discover_packages(prefix_path) discover
[0.331s] DEBUG:colcon.colcon_installed_package_information.package_discovery:Found 441 installed packages in /opt/ros/jazzy
[0.332s] Level 1:colcon.colcon_core.package_discovery:discover_packages(prefix_path) using defaults
[0.415s] Level 5:colcon.colcon_core.verb:set package 'project1_ros' build argument 'cmake_args' from command line to 'None'
[0.415s] Level 5:colcon.colcon_core.verb:set package 'project1_ros' build argument 'cmake_target' from command line to 'None'
[0.415s] Level 5:colcon.colcon_core.verb:set package 'project1_ros' build argument 'cmake_target_skip_unavailable' from command line to 'False'
[0.415s] Level 5:colcon.colcon_core.verb:set package 'project1_ros' build argument 'cmake_clean_cache' from command line to 'False'
[0.415s] Level 5:colcon.colcon_core.verb:set package 'project1_ros' build argument 'cmake_clean_first' from command line to 'False'
[0.415s] Level 5:colcon.colcon_core.verb:set package 'project1_ros' build argument 'cmake_force_configure' from command line to 'False'
[0.415s] Level 5:colcon.colcon_core.verb:set package 'project1_ros' build argument 'ament_cmake_args' from command line to 'None'
[0.415s] Level 5:colcon.colcon_core.verb:set package 'project1_ros' build argument 'catkin_cmake_args' from command line to 'None'
[0.415s] Level 5:colcon.colcon_core.verb:set package 'project1_ros' build argument 'catkin_skip_building_tests' from command line to 'False'
[0.416s] DEBUG:colcon.colcon_core.verb:Building package 'project1_ros' with the following arguments: {'ament_cmake_args': None, 'build_base': '/home/jokeren/Documents/ItIR/Project-1/build/project1_ros', 'catkin_cmake_args': None, 'catkin_skip_building_tests': False, 'cmake_args': None, 'cmake_clean_cache': False, 'cmake_clean_first': False, 'cmake_force_configure': False, 'cmake_target': None, 'cmake_target_skip_unavailable': False, 'install_base': '/home/jokeren/Documents/ItIR/Project-1/install/project1_ros', 'merge_install': False, 'path': '/home/jokeren/Documents/ItIR/Project-1/src/project1_ros', 'symlink_install': False, 'test_result_base': None}
[0.416s] INFO:colcon.colcon_core.executor:Executing jobs using 'parallel' executor
[0.417s] DEBUG:colcon.colcon_parallel_executor.executor.parallel:run_until_complete
[0.418s] INFO:colcon.colcon_ros.task.ament_python.build:Building ROS package in '/home/jokeren/Documents/ItIR/Project-1/src/project1_ros' with build type 'ament_python'
[0.418s] Level 1:colcon.colcon_core.shell:create_environment_hook('project1_ros', 'ament_prefix_path')
[0.426s] INFO:colcon.colcon_core.plugin_system:Skipping extension 'colcon_core.shell.bat': Not used on non-Windows systems
[0.426s] INFO:colcon.colcon_core.shell:Creating environment hook '/home/jokeren/Documents/ItIR/Project-1/install/project1_ros/share/project1_ros/hook/ament_prefix_path.ps1'
[0.428s] INFO:colcon.colcon_core.shell:Creating environment descriptor '/home/jokeren/Documents/ItIR/Project-1/install/project1_ros/share/project1_ros/hook/ament_prefix_path.dsv'
[0.428s] INFO:colcon.colcon_core.shell:Creating environment hook '/home/jokeren/Documents/ItIR/Project-1/install/project1_ros/share/project1_ros/hook/ament_prefix_path.sh'
[0.429s] INFO:colcon.colcon_core.shell:Skip shell extension 'powershell' for command environment: Not usable outside of PowerShell
[0.429s] DEBUG:colcon.colcon_core.shell:Skip shell extension 'dsv' for command environment
[0.712s] INFO:colcon.colcon_core.task.python.build:Building Python package in '/home/jokeren/Documents/ItIR/Project-1/src/project1_ros'
[0.712s] INFO:colcon.colcon_core.shell:Skip shell extension 'powershell' for command environment: Not usable outside of PowerShell
[0.713s] DEBUG:colcon.colcon_core.shell:Skip shell extension 'dsv' for command environment
[1.824s] DEBUG:colcon.colcon_core.task.python.build:Available setuptools commands: bdist, install_data, compile_catalog, extract_messages, build_scripts, symlink_data, egg_info, build_clib, update_catalog, upload_docs, bdist_egg, easy_install, build, bdist_wheel, init_catalog, rotate, clean, saveopts, alias, sdist, develop, editable_wheel, install, bdist_dumb, install_lib, upload, bdist_rpm, setopt, install_egg_info, check, install_scripts, build_py, register, test, build_ext, install_headers, dist_info
[1.826s] DEBUG:colcon.colcon_core.event_handler.log_command:Invoking command in '/home/jokeren/Documents/ItIR/Project-1/src/project1_ros': DEBUGINFOD_URLS=https://debuginfod.ubuntu.com PYTHONPATH=/home/jokeren/Documents/ItIR/Project-1/build/project1_ros/prefix_override:/usr/lib/python3/dist-packages/colcon_core/task/python/colcon_distutils_commands:/home/jokeren/Documents/ItIR/Project-1/install/project1_ros/lib/python3.12/site-packages:${PYTHONPATH} /usr/bin/python3 -W ignore:setup.py install is deprecated -W ignore:easy_install command is deprecated setup.py egg_info --egg-base ../../build/project1_ros build --build-base /home/jokeren/Documents/ItIR/Project-1/build/project1_ros/build install --record /home/jokeren/Documents/ItIR/Project-1/build/project1_ros/install.log --install-scripts $base/lib/project1_ros --single-version-externally-managed install_data
[2.509s] DEBUG:colcon.colcon_core.event_handler.log_command:Invoked command in '/home/jokeren/Documents/ItIR/Project-1/src/project1_ros' returned '0': DEBUGINFOD_URLS=https://debuginfod.ubuntu.com PYTHONPATH=/home/jokeren/Documents/ItIR/Project-1/build/project1_ros/prefix_override:/usr/lib/python3/dist-packages/colcon_core/task/python/colcon_distutils_commands:/home/jokeren/Documents/ItIR/Project-1/install/project1_ros/lib/python3.12/site-packages:${PYTHONPATH} /usr/bin/python3 -W ignore:setup.py install is deprecated -W ignore:easy_install command is deprecated setup.py egg_info --egg-base ../../build/project1_ros build --build-base /home/jokeren/Documents/ItIR/Project-1/build/project1_ros/build install --record /home/jokeren/Documents/ItIR/Project-1/build/project1_ros/install.log --install-scripts $base/lib/project1_ros --single-version-externally-managed install_data
[2.516s] Level 1:colcon.colcon_core.environment:checking '/home/jokeren/Documents/ItIR/Project-1/install/project1_ros' for CMake module files
[2.516s] Level 1:colcon.colcon_core.environment:checking '/home/jokeren/Documents/ItIR/Project-1/install/project1_ros' for CMake config files
[2.517s] Level 1:colcon.colcon_core.environment:checking '/home/jokeren/Documents/ItIR/Project-1/install/project1_ros/lib'
[2.517s] Level 1:colcon.colcon_core.environment:checking '/home/jokeren/Documents/ItIR/Project-1/install/project1_ros/bin'
[2.517s] Level 1:colcon.colcon_core.environment:checking '/home/jokeren/Documents/ItIR/Project-1/install/project1_ros/lib/pkgconfig/project1_ros.pc'
[2.517s] Level 1:colcon.colcon_core.environment:checking '/home/jokeren/Documents/ItIR/Project-1/install/project1_ros/lib/python3.12/site-packages'
[2.518s] Level 1:colcon.colcon_core.shell:create_environment_hook('project1_ros', 'pythonpath')
[2.518s] INFO:colcon.colcon_core.shell:Creating environment hook '/home/jokeren/Documents/ItIR/Project-1/install/project1_ros/share/project1_ros/hook/pythonpath.ps1'
[2.518s] INFO:colcon.colcon_core.shell:Creating environment descriptor '/home/jokeren/Documents/ItIR/Project-1/install/project1_ros/share/project1_ros/hook/pythonpath.dsv'
[2.518s] INFO:colcon.colcon_core.shell:Creating environment hook '/home/jokeren/Documents/ItIR/Project-1/install/project1_ros/share/project1_ros/hook/pythonpath.sh'
[2.519s] Level 1:colcon.colcon_core.environment:checking '/home/jokeren/Documents/ItIR/Project-1/install/project1_ros/bin'
[2.519s] Level 1:colcon.colcon_core.environment:create_environment_scripts_only(project1_ros)
[2.519s] INFO:colcon.colcon_core.shell:Creating package script '/home/jokeren/Documents/ItIR/Project-1/install/project1_ros/share/project1_ros/package.ps1'
[2.521s] INFO:colcon.colcon_core.shell:Creating package descriptor '/home/jokeren/Documents/ItIR/Project-1/install/project1_ros/share/project1_ros/package.dsv'
[2.522s] INFO:colcon.colcon_core.shell:Creating package script '/home/jokeren/Documents/ItIR/Project-1/install/project1_ros/share/project1_ros/package.sh'
[2.523s] INFO:colcon.colcon_core.shell:Creating package script '/home/jokeren/Documents/ItIR/Project-1/install/project1_ros/share/project1_ros/package.bash'
[2.524s] INFO:colcon.colcon_core.shell:Creating package script '/home/jokeren/Documents/ItIR/Project-1/install/project1_ros/share/project1_ros/package.zsh'
[2.525s] Level 1:colcon.colcon_core.environment:create_file_with_runtime_dependencies(/home/jokeren/Documents/ItIR/Project-1/install/project1_ros/share/colcon-core/packages/project1_ros)
[2.525s] DEBUG:colcon.colcon_parallel_executor.executor.parallel:closing loop
[2.525s] DEBUG:colcon.colcon_parallel_executor.executor.parallel:loop closed
[2.525s] DEBUG:colcon.colcon_parallel_executor.executor.parallel:run_until_complete finished with '0'
[2.525s] DEBUG:colcon.colcon_core.event_reactor:joining thread
[2.533s] INFO:colcon.colcon_core.plugin_system:Skipping extension 'colcon_notification.desktop_notification.terminal_notifier': Not used on non-Darwin systems
[2.534s] INFO:colcon.colcon_core.plugin_system:Skipping extension 'colcon_notification.desktop_notification.win32': Not used on non-Windows systems
[2.534s] INFO:colcon.colcon_notification.desktop_notification:Sending desktop notification using 'notify2'
[2.552s] DEBUG:colcon.colcon_core.event_reactor:joined thread
[2.552s] INFO:colcon.colcon_core.shell:Creating prefix script '/home/jokeren/Documents/ItIR/Project-1/install/local_setup.ps1'
[2.553s] INFO:colcon.colcon_core.shell:Creating prefix util module '/home/jokeren/Documents/ItIR/Project-1/install/_local_setup_util_ps1.py'
[2.555s] INFO:colcon.colcon_core.shell:Creating prefix chain script '/home/jokeren/Documents/ItIR/Project-1/install/setup.ps1'
[2.557s] INFO:colcon.colcon_core.shell:Creating prefix script '/home/jokeren/Documents/ItIR/Project-1/install/local_setup.sh'
[2.557s] INFO:colcon.colcon_core.shell:Creating prefix util module '/home/jokeren/Documents/ItIR/Project-1/install/_local_setup_util_sh.py'
[2.558s] INFO:colcon.colcon_core.shell:Creating prefix chain script '/home/jokeren/Documents/ItIR/Project-1/install/setup.sh'
[2.559s] INFO:colcon.colcon_core.shell:Creating prefix script '/home/jokeren/Documents/ItIR/Project-1/install/local_setup.bash'
[2.560s] INFO:colcon.colcon_core.shell:Creating prefix chain script '/home/jokeren/Documents/ItIR/Project-1/install/setup.bash'
[2.561s] INFO:colcon.colcon_core.shell:Creating prefix script '/home/jokeren/Documents/ItIR/Project-1/install/local_setup.zsh'
[2.562s] INFO:colcon.colcon_core.shell:Creating prefix chain script '/home/jokeren/Documents/ItIR/Project-1/install/setup.zsh'
