/home/jokeren/Documents/ItIR/Project-1/install/project1_ros/lib/python3.12/site-packages/project1_ros/bumper_tracker.py
/home/jokeren/Documents/ItIR/Project-1/install/project1_ros/lib/python3.12/site-packages/project1_ros/__init__.py
/home/jokeren/Documents/ItIR/Project-1/install/project1_ros/lib/python3.12/site-packages/project1_ros/keyboard_control.py
/home/jokeren/Documents/ItIR/Project-1/install/project1_ros/lib/python3.12/site-packages/project1_ros/distance_tracker.py
/home/jokeren/Documents/ItIR/Project-1/install/project1_ros/lib/python3.12/site-packages/project1_ros/reactive_controller.py
/home/jokeren/Documents/ItIR/Project-1/install/project1_ros/lib/python3.12/site-packages/project1_ros/__pycache__/bumper_tracker.cpython-312.pyc
/home/jokeren/Documents/ItIR/Project-1/install/project1_ros/lib/python3.12/site-packages/project1_ros/__pycache__/__init__.cpython-312.pyc
/home/jokeren/Documents/ItIR/Project-1/install/project1_ros/lib/python3.12/site-packages/project1_ros/__pycache__/keyboard_control.cpython-312.pyc
/home/jokeren/Documents/ItIR/Project-1/install/project1_ros/lib/python3.12/site-packages/project1_ros/__pycache__/distance_tracker.cpython-312.pyc
/home/jokeren/Documents/ItIR/Project-1/install/project1_ros/lib/python3.12/site-packages/project1_ros/__pycache__/reactive_controller.cpython-312.pyc
/home/jokeren/Documents/ItIR/Project-1/install/project1_ros/share/ament_index/resource_index/packages/project1_ros
/home/jokeren/Documents/ItIR/Project-1/install/project1_ros/share/project1_ros/package.xml
/home/jokeren/Documents/ItIR/Project-1/install/project1_ros/lib/python3.12/site-packages/project1_ros-0.0.0-py3.12.egg-info/dependency_links.txt
/home/jokeren/Documents/ItIR/Project-1/install/project1_ros/lib/python3.12/site-packages/project1_ros-0.0.0-py3.12.egg-info/zip-safe
/home/jokeren/Documents/ItIR/Project-1/install/project1_ros/lib/python3.12/site-packages/project1_ros-0.0.0-py3.12.egg-info/SOURCES.txt
/home/jokeren/Documents/ItIR/Project-1/install/project1_ros/lib/python3.12/site-packages/project1_ros-0.0.0-py3.12.egg-info/top_level.txt
/home/jokeren/Documents/ItIR/Project-1/install/project1_ros/lib/python3.12/site-packages/project1_ros-0.0.0-py3.12.egg-info/entry_points.txt
/home/jokeren/Documents/ItIR/Project-1/install/project1_ros/lib/python3.12/site-packages/project1_ros-0.0.0-py3.12.egg-info/PKG-INFO
/home/jokeren/Documents/ItIR/Project-1/install/project1_ros/lib/python3.12/site-packages/project1_ros-0.0.0-py3.12.egg-info/requires.txt
/home/jokeren/Documents/ItIR/Project-1/install/project1_ros/lib/project1_ros/bumper_tracker
/home/jokeren/Documents/ItIR/Project-1/install/project1_ros/lib/project1_ros/distance_tracker
/home/jokeren/Documents/ItIR/Project-1/install/project1_ros/lib/project1_ros/keyboard_control
/home/jokeren/Documents/ItIR/Project-1/install/project1_ros/lib/project1_ros/reactive_controller
