[1.531s] Invoking command in '/home/jokeren/Documents/ItIR/Project-1/src/project1_ros': DEBUGINFOD_URLS=https://debuginfod.ubuntu.com PYTHONPATH=/home/jokeren/Documents/ItIR/Project-1/build/project1_ros/prefix_override:/usr/lib/python3/dist-packages/colcon_core/task/python/colcon_distutils_commands:/home/jokeren/Documents/ItIR/Project-1/install/project1_ros/lib/python3.12/site-packages:${PYTHONPATH} /usr/bin/python3 -W ignore:setup.py install is deprecated -W ignore:easy_install command is deprecated setup.py egg_info --egg-base ../../build/project1_ros build --build-base /home/jokeren/Documents/ItIR/Project-1/build/project1_ros/build install --record /home/jokeren/Documents/ItIR/Project-1/build/project1_ros/install.log --install-scripts $base/lib/project1_ros --single-version-externally-managed install_data
[1.974s] running egg_info
[2.004s] writing ../../build/project1_ros/project1_ros.egg-info/PKG-INFO
[2.004s] writing dependency_links to ../../build/project1_ros/project1_ros.egg-info/dependency_links.txt
[2.004s] writing entry points to ../../build/project1_ros/project1_ros.egg-info/entry_points.txt
[2.005s] writing requirements to ../../build/project1_ros/project1_ros.egg-info/requires.txt
[2.005s] writing top-level names to ../../build/project1_ros/project1_ros.egg-info/top_level.txt
[2.069s] reading manifest file '../../build/project1_ros/project1_ros.egg-info/SOURCES.txt'
[2.070s] writing manifest file '../../build/project1_ros/project1_ros.egg-info/SOURCES.txt'
[2.070s] running build
[2.072s] running build_py
[2.072s] copying project1_ros/reactive_controller.py -> /home/jokeren/Documents/ItIR/Project-1/build/project1_ros/build/lib/project1_ros
[2.072s] running install
[2.088s] running install_lib
[2.129s] copying /home/jokeren/Documents/ItIR/Project-1/build/project1_ros/build/lib/project1_ros/reactive_controller.py -> /home/jokeren/Documents/ItIR/Project-1/install/project1_ros/lib/python3.12/site-packages/project1_ros
[2.129s] byte-compiling /home/jokeren/Documents/ItIR/Project-1/install/project1_ros/lib/python3.12/site-packages/project1_ros/reactive_controller.py to reactive_controller.cpython-312.pyc
[2.133s] running install_data
[2.134s] running install_egg_info
[2.170s] removing '/home/jokeren/Documents/ItIR/Project-1/install/project1_ros/lib/python3.12/site-packages/project1_ros-0.0.0-py3.12.egg-info' (and everything under it)
[2.170s] Copying ../../build/project1_ros/project1_ros.egg-info to /home/jokeren/Documents/ItIR/Project-1/install/project1_ros/lib/python3.12/site-packages/project1_ros-0.0.0-py3.12.egg-info
[2.170s] running install_scripts
[2.393s] Installing bumper_tracker script to /home/jokeren/Documents/ItIR/Project-1/install/project1_ros/lib/project1_ros
[2.393s] Installing distance_tracker script to /home/jokeren/Documents/ItIR/Project-1/install/project1_ros/lib/project1_ros
[2.393s] Installing keyboard_control script to /home/jokeren/Documents/ItIR/Project-1/install/project1_ros/lib/project1_ros
[2.394s] Installing reactive_controller script to /home/jokeren/Documents/ItIR/Project-1/install/project1_ros/lib/project1_ros
[2.394s] writing list of installed files to '/home/jokeren/Documents/ItIR/Project-1/build/project1_ros/install.log'
[2.520s] Invoked command in '/home/jokeren/Documents/ItIR/Project-1/src/project1_ros' returned '0': DEBUGINFOD_URLS=https://debuginfod.ubuntu.com PYTHONPATH=/home/jokeren/Documents/ItIR/Project-1/build/project1_ros/prefix_override:/usr/lib/python3/dist-packages/colcon_core/task/python/colcon_distutils_commands:/home/jokeren/Documents/ItIR/Project-1/install/project1_ros/lib/python3.12/site-packages:${PYTHONPATH} /usr/bin/python3 -W ignore:setup.py install is deprecated -W ignore:easy_install command is deprecated setup.py egg_info --egg-base ../../build/project1_ros build --build-base /home/jokeren/Documents/ItIR/Project-1/build/project1_ros/build install --record /home/jokeren/Documents/ItIR/Project-1/build/project1_ros/install.log --install-scripts $base/lib/project1_ros --single-version-externally-managed install_data
