[2.205s] Invoking command in '/home/jokeren/Documents/ItIR/Project-1/src/project1_ros': DEBUGINFOD_URLS=https://debuginfod.ubuntu.com PYTHONPATH=/home/jokeren/Documents/ItIR/Project-1/build/project1_ros/prefix_override:/usr/lib/python3/dist-packages/colcon_core/task/python/colcon_distutils_commands:/home/jokeren/Documents/ItIR/Project-1/install/project1_ros/lib/python3.12/site-packages:${PYTHONPATH} /usr/bin/python3 -W ignore:setup.py install is deprecated -W ignore:easy_install command is deprecated setup.py egg_info --egg-base ../../build/project1_ros build --build-base /home/jokeren/Documents/ItIR/Project-1/build/project1_ros/build install --record /home/jokeren/Documents/ItIR/Project-1/build/project1_ros/install.log --install-scripts $base/lib/project1_ros --single-version-externally-managed install_data
[2.780s] running egg_info
[2.828s] writing ../../build/project1_ros/project1_ros.egg-info/PKG-INFO
[2.829s] writing dependency_links to ../../build/project1_ros/project1_ros.egg-info/dependency_links.txt
[2.829s] writing entry points to ../../build/project1_ros/project1_ros.egg-info/entry_points.txt
[2.830s] writing requirements to ../../build/project1_ros/project1_ros.egg-info/requires.txt
[2.830s] writing top-level names to ../../build/project1_ros/project1_ros.egg-info/top_level.txt
[2.926s] reading manifest file '../../build/project1_ros/project1_ros.egg-info/SOURCES.txt'
[2.928s] writing manifest file '../../build/project1_ros/project1_ros.egg-info/SOURCES.txt'
[2.928s] running build
[2.929s] running build_py
[2.929s] copying project1_ros/keyboard_control.py -> /home/jokeren/Documents/ItIR/Project-1/build/project1_ros/build/lib/project1_ros
[2.930s] running install
[2.946s] running install_lib
[2.993s] copying /home/jokeren/Documents/ItIR/Project-1/build/project1_ros/build/lib/project1_ros/keyboard_control.py -> /home/jokeren/Documents/ItIR/Project-1/install/project1_ros/lib/python3.12/site-packages/project1_ros
[2.994s] byte-compiling /home/jokeren/Documents/ItIR/Project-1/install/project1_ros/lib/python3.12/site-packages/project1_ros/keyboard_control.py to keyboard_control.cpython-312.pyc
[2.995s] running install_data
[2.995s] copying package.xml -> /home/jokeren/Documents/ItIR/Project-1/install/project1_ros/share/project1_ros
[2.996s] running install_egg_info
[3.046s] removing '/home/jokeren/Documents/ItIR/Project-1/install/project1_ros/lib/python3.12/site-packages/project1_ros-0.0.0-py3.12.egg-info' (and everything under it)
[3.046s] Copying ../../build/project1_ros/project1_ros.egg-info to /home/jokeren/Documents/ItIR/Project-1/install/project1_ros/lib/python3.12/site-packages/project1_ros-0.0.0-py3.12.egg-info
[3.055s] running install_scripts
[3.336s] Installing bumper_tracker script to /home/jokeren/Documents/ItIR/Project-1/install/project1_ros/lib/project1_ros
[3.337s] Installing distance_tracker script to /home/jokeren/Documents/ItIR/Project-1/install/project1_ros/lib/project1_ros
[3.338s] Installing keyboard_control script to /home/jokeren/Documents/ItIR/Project-1/install/project1_ros/lib/project1_ros
[3.338s] writing list of installed files to '/home/jokeren/Documents/ItIR/Project-1/build/project1_ros/install.log'
[3.408s] Invoked command in '/home/jokeren/Documents/ItIR/Project-1/src/project1_ros' returned '0': DEBUGINFOD_URLS=https://debuginfod.ubuntu.com PYTHONPATH=/home/jokeren/Documents/ItIR/Project-1/build/project1_ros/prefix_override:/usr/lib/python3/dist-packages/colcon_core/task/python/colcon_distutils_commands:/home/jokeren/Documents/ItIR/Project-1/install/project1_ros/lib/python3.12/site-packages:${PYTHONPATH} /usr/bin/python3 -W ignore:setup.py install is deprecated -W ignore:easy_install command is deprecated setup.py egg_info --egg-base ../../build/project1_ros build --build-base /home/jokeren/Documents/ItIR/Project-1/build/project1_ros/build install --record /home/jokeren/Documents/ItIR/Project-1/build/project1_ros/install.log --install-scripts $base/lib/project1_ros --single-version-externally-managed install_data
